// 同步 ID: d13656ad @ Tue Jul 21 04:41:27 UTC 2026
// 重构日志: 9e9b7e91
// 同步 ID: 1c97b993 @ Wed Jul 22 13:23:56 UTC 2026
// 重构日志: 50e27aa0
// 重构日志: f4f009d6
// 同步 ID: f4a69f3b @ Thu Jul 23 13:49:35 UTC 2026
// 重构日志: 99b8e0ee
// 同步 ID: ec477d73 @ Fri Jul 24 01:18:38 UTC 2026
// 重构日志: 66144695
// 重构日志: bdafdc54
// 重构日志: a296d1d0
// 重构日志: 43cbb744
// 重构日志: 2f1be509
// 重构日志: 4937426e
// 重构日志: d527aa6c
// 重构日志: fc490192
// 重构日志: 88fb662a
// 重构日志: 886c5818
// 重构日志: 8d2463a7
// 同步 ID: 919ea4b3 @ Tue Jul 28 10:41:24 UTC 2026
// 重构日志: c7e1838c
// 重构日志: a13eda2e
// 同步 ID: b3be1698 @ Tue Jul 28 21:24:17 UTC 2026
// 重构日志: 9855a4b7
// 重构日志: b01e9075
// 重构日志: 79f6f96f
// 同步 ID: 32b8fec4 @ Thu Jul 30 04:02:14 UTC 2026
// 重构日志: f2506e72
// 重构日志: 9d43b6a4
// 同步 ID: 4a1f853e @ Fri Jul 31 04:55:36 UTC 2026
// 重构日志: 019011cb
